python : Traceback (most recent call last):
At line:1 char:1
+ python tests/test_console_interface.py > test_output.txt 2>&1
+ ~~~~~~~~~~~~~~~~~~~~~~~~~~~~~~~~~~~~~~~~~~~~~~~~~~~~~~~~~~~~~
    + CategoryInfo          : NotSpecified: (Traceback (most recent call last)::String) [], 
    RemoteException
    + FullyQualifiedErrorId : NativeCommandError
 
  File "E:\hackthaon\Spec-Driven-Development\TODO\Phase-1-Hack-2\New_Hackathon_2-Reusable-In
telligence\tests\test_console_interface.py", line 5, in <module>
    from src.interfaces.console_interface import ConsoleInterface
ModuleNotFoundError: No module named 'src'
